using System;
using System.Collections.Generic;

namespace E2E.Sqlite
{
    public partial class Users
    {
        public Users()
        {
            UsersGroups = new HashSet<UsersGroups>();
        }

        public string Id { get; set; }

        public virtual ICollection<UsersGroups> UsersGroups { get; set; }
    }
}
