using System;
using System.Collections.Generic;

namespace E2ETest.Namespace
{
    public partial class UnmappablePkcolumn
    {
        public int UnmappablePkcolumnId { get; set; }
        public string Acolumn { get; set; }
        public int ValueGeneratedOnAddColumn { get; set; }
    }
}
