using System;
using System.Collections.Generic;

namespace E2E.Sqlite
{
    public partial class Dependent
    {
        public long Id { get; set; }
        public long PrincipalId { get; set; }

        public virtual Principal Principal { get; set; }
    }
}
