using System;
using System.Collections.Generic;

namespace E2E.Sqlite
{
    public partial class OneToManyDependent
    {
        public long OneToManyDependentId1 { get; set; }
        public long OneToManyDependentId2 { get; set; }
        public string SomeDependentEndColumn { get; set; }
        public long? OneToManyDependentFk1 { get; set; }
        public long? OneToManyDependentFk2 { get; set; }

        public virtual OneToManyPrincipal OneToManyDependentFk { get; set; }
    }
}
