using System;
using System.Collections.Generic;

namespace E2ETest.Namespace
{
    public partial class PrimaryKeyWithSequence
    {
        public int PrimaryKeyWithSequenceId { get; set; }
    }
}
