using System;
using Microsoft.EntityFrameworkCore;
using Microsoft.EntityFrameworkCore.Metadata;

namespace E2E.Sqlite
{
    public partial class NoPrincipalPkFluentApiContext : DbContext
    {
        public virtual DbSet<Dependent> Dependent { get; set; }

        // Unable to generate entity type for table 'Principal'. Please see the warning messages.

        protected override void OnConfiguring(DbContextOptionsBuilder optionsBuilder)
        {
            #warning To protect potentially sensitive information in your connection string, you should move it out of source code. See http://go.microsoft.com/fwlink/?LinkId=723263 for guidance on storing connection strings.
            optionsBuilder.UseSqlite(@"Data Source=NoPrincipalPkFluentApi.db;Cache=Private");
        }

        protected override void OnModelCreating(ModelBuilder modelBuilder)
        {
            modelBuilder.Entity<Dependent>(entity =>
            {
                entity.Property(e => e.PrincipalId).HasColumnType("INT");
            });
        }
    }
}