using System;
using System.Collections.Generic;

namespace E2E.Sqlite
{
    public partial class SelfRef
    {
        public long Id { get; set; }
        public long? SelfForeignKey { get; set; }

        public virtual SelfRef SelfForeignKeyNavigation { get; set; }
        public virtual ICollection<SelfRef> InverseSelfForeignKeyNavigation { get; set; }
    }
}
